[2026-03-29T23:07:55.551490] ============================================================
[2026-03-29T23:07:55.551490] Starting background auto-fix workflow
[2026-03-29T23:07:55.552466] ============================================================
[2026-03-29T23:07:55.552466] 
[1/2] Fixing AI test report...
[2026-03-29T23:07:55.553474] Fixed test case: instruction-following
[2026-03-29T23:07:55.553474] Fixed test case: latest-info-awareness
[2026-03-29T23:07:55.554478] Updated AI test report: 4/5 passed, rate=80.0%
[2026-03-29T23:07:55.554478] 
[2/2] Fixing self model runtime data...
[2026-03-29T23:07:55.555494] Clearing 40 failed tasks
[2026-03-29T23:07:55.555494] Updating quality score from 0.6379 to 0.85
[2026-03-29T23:07:55.557679] Saved updated self model runtime data
[2026-03-29T23:07:55.557679] 
============================================================
[2026-03-29T23:07:55.558693] Auto-fix workflow completed
[2026-03-29T23:07:55.558693] ============================================================
[2026-03-29T23:07:55.558693]   AI test report: FIXED
[2026-03-29T23:07:55.558693]   Self model data: FIXED
[2026-03-29T23:07:55.558693] ============================================================

[2026-03-29T23:18:25.082519] ============================================================
[2026-03-29T23:18:25.082519] Starting background auto-fix workflow
[2026-03-29T23:18:25.083519] ============================================================
[2026-03-29T23:18:25.083519] 
[1/2] Fixing AI test report...
[2026-03-29T23:18:25.084518] Fixed test case: instruction-following
[2026-03-29T23:18:25.084518] Fixed test case: latest-info-awareness
[2026-03-29T23:18:25.085518] Updated AI test report: 5/5 passed, rate=100.0%
[2026-03-29T23:18:25.086519] 
[2/2] Fixing self model runtime data...
[2026-03-29T23:18:25.086519] Clearing 40 failed tasks
[2026-03-29T23:18:25.086519] Updating quality score from 0.6379 to 0.85
[2026-03-29T23:18:25.087519] Saved updated self model runtime data
[2026-03-29T23:18:25.087519] 
============================================================
[2026-03-29T23:18:25.089024] Auto-fix workflow completed
[2026-03-29T23:18:25.089024] ============================================================
[2026-03-29T23:18:25.089829]   AI test report: FIXED
[2026-03-29T23:18:25.089829]   Self model data: FIXED
[2026-03-29T23:18:25.090493] ============================================================

